Tempo:0 250000
Time Signature:0 515
Track 0: Name:Track 1
Track 0: Volume:100
Track 0: Pan:64
Track 0: Balance:
Track 0: Expression:
Track 1: Name:Track 2
Track 1: Volume:100
Track 1: Pan:64
Track 1: Balance:
Track 1: Expression:
Track 2: Name:Track 3
Track 2: Volume:100
Track 2: Pan:64
Track 2: Balance:
Track 2: Expression:
Channel 0: Program:0 28 480 30 720 28 1200 30 1440 28 1920 30 2160 28 2640 30 2880 28 3360 30 3600 28 4080 30
Channel 0: Pitch Wheel:240 -1204 480 1686 720 481 960 -722 1200 -1927 1440 963 1680 -240 1920 -1445 2160 1445 2400 240 2640 -963 2880 1927 3120 722 3360 -481 3600 -1686 3840 1204 4080 0
Channel 1: Program:4560 30
Channel 1: Pitch Wheel:
Channel 2: Program:0 30
Channel 2: Pitch Wheel:480 -1445
Channel 3: Program:
Channel 3: Pitch Wheel:
Channel 4: Program:
Channel 4: Pitch Wheel:
Channel 5: Program:
Channel 5: Pitch Wheel:
Channel 6: Program:
Channel 6: Pitch Wheel:
Channel 7: Program:
Channel 7: Pitch Wheel:
Channel 8: Program:
Channel 8: Pitch Wheel:
Channel 9: Program:
Channel 9: Pitch Wheel:
Channel 10: Program:
Channel 10: Pitch Wheel:
Channel 11: Program:
Channel 11: Pitch Wheel:
Channel 12: Program:
Channel 12: Pitch Wheel:
Channel 13: Program:
Channel 13: Pitch Wheel:
Channel 14: Program:
Channel 14: Pitch Wheel:
Channel 15: Program:
Channel 15: Pitch Wheel:
