0 240 64 64 51 36 0|0 240 64 64 68 48 2|240 480 64 64 52 37 0|480 720 64 64 53 37 0|480 720 64 64 59 42 2|720 960 64 64 54 38 0|960 1200 64 64 55 39 0|1200 1440 64 64 56 40 0|1440 1680 64 64 57 40 0|1680 1920 64 64 58 41 0|1920 2160 64 64 59 42 0|2160 2400 64 64 60 42 0|2400 2640 64 64 61 43 0|2640 2880 64 64 62 44 0|2880 3120 64 64 63 44 0|3120 3360 64 64 64 45 0|3360 3600 64 64 65 46 0|3600 3840 64 64 66 47 0|3840 4080 64 64 67 47 0|4080 4320 64 64 68 48 0|
4560 4800 64 64 48 48 1|
0 240 64 64 81 81 9|
