Invalid file
Tempo:
Time Signature:
Channel 0: Program:
Channel 0: Pitch Wheel:
Channel 1: Program:
Channel 1: Pitch Wheel:
Channel 2: Program:
Channel 2: Pitch Wheel:
Channel 3: Program:
Channel 3: Pitch Wheel:
Channel 4: Program:
Channel 4: Pitch Wheel:
Channel 5: Program:
Channel 5: Pitch Wheel:
Channel 6: Program:
Channel 6: Pitch Wheel:
Channel 7: Program:
Channel 7: Pitch Wheel:
Channel 8: Program:
Channel 8: Pitch Wheel:
Channel 9: Program:
Channel 9: Pitch Wheel:
Channel 10: Program:
Channel 10: Pitch Wheel:
Channel 11: Program:
Channel 11: Pitch Wheel:
Channel 12: Program:
Channel 12: Pitch Wheel:
Channel 13: Program:
Channel 13: Pitch Wheel:
Channel 14: Program:
Channel 14: Pitch Wheel:
Channel 15: Program:
Channel 15: Pitch Wheel:
