0 200 20 20 10 10 1|200 300 30 35 11 10 1|300 428 20 64 10 10 2|
250 300 5 66 16383 10 2|300 310 10 64 16384 10 1|
