Tempo:0 461538
Time Signature:0 515
Track 0: Name:Bass
Track 0: Notesystem:-1
Track 0: Volume:127
Track 0: Pan:64
Track 0: Balance:
Track 0: Expression:
Track 1: Name:Guitar 1
Track 1: Notesystem:-1
Track 1: Volume:95
Track 1: Pan:64
Track 1: Balance:
Track 1: Expression:
Track 2: Name:Guitar 2
Track 2: Notesystem:-1
Track 2: Volume:96
Track 2: Pan:64
Track 2: Balance:
Track 2: Expression:
Track 3: Name:Guitar 2 (solo)
Track 3: Notesystem:-1
Track 3: Volume:96
Track 3: Pan:64
Track 3: Balance:
Track 3: Expression:
Track 4: Name:Vocal
Track 4: Notesystem:-1
Track 4: Volume:89
Track 4: Pan:64
Track 4: Balance:
Track 4: Expression:
Track 5: Name:Drums
Track 5: Notesystem:0
Track 5: Volume:111
Track 5: Pan:64
Track 5: Balance:
Track 5: Expression:
Channel 0: Program:0 35
Channel 0: Pitch Wheel:
Channel 1: Program:0 30
Channel 1: Pitch Wheel:
Channel 2: Program:0 30
Channel 2: Pitch Wheel:
Channel 3: Program:0 29
Channel 3: Pitch Wheel:
Channel 4: Program:
Channel 4: Pitch Wheel:
Channel 5: Program:0 42
Channel 5: Pitch Wheel:
Channel 6: Program:
Channel 6: Pitch Wheel:
Channel 7: Program:
Channel 7: Pitch Wheel:
Channel 8: Program:
Channel 8: Pitch Wheel:
Channel 9: Program:
Channel 9: Pitch Wheel:
Channel 10: Program:
Channel 10: Pitch Wheel:
Channel 11: Program:
Channel 11: Pitch Wheel:
Channel 12: Program:
Channel 12: Pitch Wheel:
Channel 13: Program:
Channel 13: Pitch Wheel:
Channel 14: Program:
Channel 14: Pitch Wheel:
Channel 15: Program:
Channel 15: Pitch Wheel:
