Tempo:0 428571 55920 333333 71280 428571
Time Signature:0 779 5280 515 10320 516 11280 779 21840 517 23040 515 24480 517 25680 515 27120 517 28320 515 29760 517 30960 515 36720 516 37680 779 48240 516 71280 515 75600 516 76560 515 77280 517 78480 515 79920 517 81120 515 82560 517 83760 515 85200 517 86400 515 92160 516 93120 779 103680 515
Track 0: Name:
Track 0: Notesystem:-1
Track 0: Volume:127
Track 0: Pan:64
Track 0: Balance:
Track 0: Expression:
Track 1: Name:
Track 1: Notesystem:-1
Track 1: Volume:103
Track 1: Pan:64
Track 1: Balance:
Track 1: Expression:
Track 2: Name:
Track 2: Notesystem:-1
Track 2: Volume:103
Track 2: Pan:64
Track 2: Balance:
Track 2: Expression:
Track 3: Name:
Track 3: Notesystem:-1
Track 3: Volume:91
Track 3: Pan:64
Track 3: Balance:
Track 3: Expression:
Track 4: Name:
Track 4: Notesystem:0
Track 4: Volume:111
Track 4: Pan:64
Track 4: Balance:
Track 4: Expression:
Channel 0: Program:5280 35
Channel 0: Pitch Wheel:
Channel 1: Program:0 30
Channel 1: Pitch Wheel:
Channel 2: Program:0 30
Channel 2: Pitch Wheel:
Channel 3: Program:21840 42
Channel 3: Pitch Wheel:
Channel 4: Program:
Channel 4: Pitch Wheel:
Channel 5: Program:
Channel 5: Pitch Wheel:
Channel 6: Program:
Channel 6: Pitch Wheel:
Channel 7: Program:
Channel 7: Pitch Wheel:
Channel 8: Program:
Channel 8: Pitch Wheel:
Channel 9: Program:
Channel 9: Pitch Wheel:
Channel 10: Program:
Channel 10: Pitch Wheel:
Channel 11: Program:
Channel 11: Pitch Wheel:
Channel 12: Program:
Channel 12: Pitch Wheel:
Channel 13: Program:
Channel 13: Pitch Wheel:
Channel 14: Program:
Channel 14: Pitch Wheel:
Channel 15: Program:
Channel 15: Pitch Wheel:
