Tempo:0 375000 126000 545455 173040 300000 198960 272727 200880 500000 246960 300000 290160 272727
Time Signature:960 777 2040 516 3000 777 4080 516 5040 777 6120 515 7560 516 8520 777 9600 516 10560 777 11640 516 12600 777 13680 515 126720 513 126960 515 198960 516 200880 515 290160 516
Track 0: Name:
Track 0: Volume:127
Track 0: Pan:64
Track 0: Balance:
Track 0: Expression:
Track 1: Name:
Track 1: Volume:101
Track 1: Pan:64
Track 1: Balance:
Track 1: Expression:
Track 2: Name:
Track 2: Volume:96
Track 2: Pan:64
Track 2: Balance:
Track 2: Expression:
Track 3: Name:
Track 3: Volume:86
Track 3: Pan:64
Track 3: Balance:
Track 3: Expression:
Track 4: Name:
Track 4: Volume:100
Track 4: Pan:64
Track 4: Balance:
Track 4: Expression:
Track 5: Name:
Track 5: Volume:105
Track 5: Pan:64
Track 5: Balance:
Track 5: Expression:
Track 6: Name:
Track 6: Volume:115
Track 6: Pan:64
Track 6: Balance:
Track 6: Expression:
Channel 0: Program:0 35
Channel 0: Pitch Wheel:
Channel 1: Program:0 30
Channel 1: Pitch Wheel:
Channel 2: Program:0 30
Channel 2: Pitch Wheel:
Channel 3: Program:127200 25
Channel 3: Pitch Wheel:
Channel 4: Program:132720 25
Channel 4: Pitch Wheel:
Channel 5: Program:27120 42
Channel 5: Pitch Wheel:
Channel 6: Program:
Channel 6: Pitch Wheel:
Channel 7: Program:
Channel 7: Pitch Wheel:
Channel 8: Program:
Channel 8: Pitch Wheel:
Channel 9: Program:
Channel 9: Pitch Wheel:
Channel 10: Program:
Channel 10: Pitch Wheel:
Channel 11: Program:
Channel 11: Pitch Wheel:
Channel 12: Program:
Channel 12: Pitch Wheel:
Channel 13: Program:
Channel 13: Pitch Wheel:
Channel 14: Program:
Channel 14: Pitch Wheel:
Channel 15: Program:
Channel 15: Pitch Wheel:
