1: 4/4 0-960 partsize: 240
1: 4/4 0-960 partsize: 240
2: 4/4 960-1200 partsize: 240
3: 3/4 1200-1920 partsize: 240
4: 3/4 1920-2640 partsize: 240
